###############################################################################
#
# IAR ELF Linker V2.20.1.176 for STM8                     27/Nov/2019  22:13:34
# Copyright 2010-2015 IAR Systems AB.
#
#    Output file  =  
#        C:\Users\admin\Desktop\New folder\Arduino -
#        IR\Debug\Exe\STM8_Arduino.out
#    Map file     =  
#        C:\Users\admin\Desktop\New folder\Arduino -
#        IR\Debug\List\STM8_Arduino.map
#    Command line =  
#        "C:\Users\admin\Desktop\New folder\Arduino - IR\Debug\Obj\Arduino.o"
#        "C:\Users\admin\Desktop\New folder\Arduino - IR\Debug\Obj\EEPROM.o"
#        "C:\Users\admin\Desktop\New folder\Arduino - IR\Debug\Obj\IRremote.o"
#        "C:\Users\admin\Desktop\New folder\Arduino - IR\Debug\Obj\main.o"
#        "C:\Users\admin\Desktop\New folder\Arduino - IR\Debug\Obj\preinit.o"
#        "C:\Users\admin\Desktop\New folder\Arduino - IR\Debug\Obj\Print.o"
#        "C:\Users\admin\Desktop\New folder\Arduino - IR\Debug\Obj\Rand.o"
#        "C:\Users\admin\Desktop\New folder\Arduino - IR\Debug\Obj\Serial.o"
#        "C:\Users\admin\Desktop\New folder\Arduino - IR\Debug\Obj\Sketch.o"
#        --redirect _Printf=_PrintfSmallNoMb --redirect _Scanf=_ScanfSmallNoMb
#        -o "C:\Users\admin\Desktop\New folder\Arduino -
#        IR\Debug\Exe\STM8_Arduino.out" --map "C:\Users\admin\Desktop\New
#        folder\Arduino - IR\Debug\List\STM8_Arduino.map" --config "C:\Program
#        Files (x86)\IAR Systems\Embedded Workbench
#        7.3\stm8\config\lnkstm8s103f3.icf" --config_def _CSTACK_SIZE=0x100
#        --config_def _HEAP_SIZE=0x100 --entry __iar_program_start --debug_lib
#        --merge_duplicate_sections
#
###############################################################################

*******************************************************************************
*** RUNTIME MODEL ATTRIBUTES
***

__SystemLibrary            = DLib
__code_model               = small
__core                     = stm8
__data_model               = medium
__dlib_file_descriptor     = 0
__dlib_full_locale_support = 0
__rt_version               = 4


*******************************************************************************
*** PLACEMENT SUMMARY
***

"A1":  place at start of [0x000000-0x0000ff] { rw section .vregs };
"A2":  place at end of [0x000000-0x0003ff] { block CSTACK };
"P2":  place in [from 0x000000 to 0x0003ff] {
          block HEAP, rw section __DLIB_PERTHREAD, rw section .far.bss,
          rw section .far.data, rw section .far.noinit,
          rw section .far_func.textrw, rw section .huge.bss,
          rw section .huge.data, rw section .huge.noinit,
          rw section .huge_func.textrw, rw section .iar.dynexit,
          rw section .near.bss, rw section .near.data, rw section .near.noinit,
          rw section .near_func.textrw };
"A3":  place at start of [0x008000-0x009fff] { block INTVEC };
"P3":  place in [from 0x008000 to 0x009fff] {
          ro section __DLIB_PERTHREAD_init, ro section .far.data_init,
          ro section .far_func.textrw_init, ro section .huge.data_init,
          ro section .huge_func.textrw_init, ro section .iar.init_table,
          ro section .init_array, ro section .near.data_init,
          ro section .near.rodata, ro section .near_func.text,
          ro section .near_func.textrw_init, ro section .tiny.data_init,
          ro section .tiny.rodata_init };

  Section             Kind      Address   Size  Object
  -------             ----      -------   ----  ------
"A1":                                     0x10
  .vregs              uninit   0x000000   0x10  vregs.o [4]
                             - 0x000010   0x10

"P2":                                     0x35
  .near.bss           zero     0x000010   0x10  Serial.o [1]
  .near.bss           zero     0x000020   0x10  Serial.o [1]
  .near.bss           zero     0x000030    0x4  preinit.o [1]
  .near.bss           zero     0x000034    0x4  preinit.o [1]
  .near.bss           zero     0x000038    0x2  IRremote.o [1]
  .near.bss           zero     0x00003a    0x2  IRremote.o [1]
  .near.bss           zero     0x00003c    0x2  main.o [1]
  .near.bss           zero     0x00003e    0x2  Serial.o [1]
  .near.bss           zero     0x000040    0x1  Serial.o [1]
  .near.bss           zero     0x000041    0x1  Serial.o [1]
  .near.bss           zero     0x000042    0x1  Serial.o [1]
  .near.bss           zero     0x000043    0x1  Serial.o [1]
  .near.bss           zero     0x000044    0x1  Serial.o [1]
                             - 0x000045   0x35

"A2":                                    0x100
  CSTACK                       0x000300  0x100  <Block>
    CSTACK            uninit   0x000300  0x100  <Block tail>
                             - 0x000400  0x100

"A3":                                     0x80
  INTVEC                       0x008000   0x80  <Block>
    .intvec           const    0x008000   0x80  interrupt.o [4]
                             - 0x008080   0x80

"P3":                                    0xa52
  .near_func.text     ro code  0x008080  0x1fa  preinit.o [1]
  .near_func.text     ro code  0x00827a  0x125  Serial.o [1]
  .near_func.text     ro code  0x00839f   0xc6  vreg_util.o [4]
  .near_func.text     ro code  0x008465   0xc2  long.o [4]
  .near_func.text     ro code  0x008527   0xb1  Arduino.o [1]
  .near_func.text     ro code  0x0085d8   0x9e  Arduino.o [1]
  .near_func.text     ro code  0x008676   0x5f  IRremote.o [1]
  .near_func.text     ro code  0x0086d5   0x49  Print.o [1]
  .near_func.text     ro code  0x00871e   0x47  long_util.o [4]
  .near_func.text     ro code  0x008765   0x46  main.o [1]
  .near_func.text     ro code  0x0087ab   0x46  Serial.o [1]
  .near_func.text     ro code  0x0087f1   0x45  Print.o [1]
  .near_func.text     ro code  0x008836   0x41  Arduino.o [1]
  .near_func.text     ro code  0x008877   0x3f  Serial.o [1]
  .near_func.text     ro code  0x0088b6   0x39  Serial.o [1]
  .near_func.text     ro code  0x0088ef   0x30  Arduino.o [1]
  .near_func.text     ro code  0x00891f   0x30  preinit.o [1]
  .near_func.text     ro code  0x00894f   0x2e  short.o [4]
  .near_func.text     ro code  0x00897d   0x2a  Print.o [1]
  .iar.init_table     const    0x0089a7    0x8  - Linker created -
  .near_func.text     ro code  0x0089af   0x1e  cppinit.o [4]
  .near_func.text     ro code  0x0089cd   0x1e  init_small.o [4]
  .near_func.text     ro code  0x0089eb   0x1d  cstartup.o [4]
  .near_func.text     ro code  0x008a08   0x1a  dc_util.o [4]
  .near_func.text     ro code  0x008a22   0x18  Print.o [1]
  .near_func.text     ro code  0x008a3a   0x17  init.o [4]
  .near_func.text     ro code  0x008a51   0x14  __dbg_xxexit.o [3]
  .near_func.text     ro code  0x008a65   0x13  Arduino.o [1]
  .near_func.text     ro code  0x008a78   0x13  preinit.o [1]
  .near_func.text     ro code  0x008a8b    0xf  preinit.o [1]
  .near_func.text     ro code  0x008a9a    0xa  char.o [4]
  .near.rodata        const    0x008aa4    0x8  Serial.o [1]
  .near.rodata        const    0x008aac    0x6  main.o [1]
  .near_func.text     ro code  0x008ab2    0x6  Serial.o [1]
  .near_func.text     ro code  0x008ab8    0x6  Serial.o [1]
  .near_func.text     ro code  0x008abe    0x5  cexit.o [4]
  .near_func.text     ro code  0x008ac3    0x3  interrupt.o [4]
  .near_func.text     ro code  0x008ac6    0x3  low_level_init.o [4]
  .near_func.text     ro code  0x008ac9    0x3  exit.o [4]
  .near_func.text     ro code  0x008acc    0x3  unhandled_exception.o [4]
  SHT$$PREINIT_ARRAY           0x008acf    0x0  <Block>
  SHT$$INIT_ARRAY              0x008acf    0x2  <Block>
    .difunct          const    0x008acf    0x2  Serial.o [1]
  .near_func.text     ro code  0x008ad1    0x1  __dbg_break.o [3]
                             - 0x008ad2  0xa52


*******************************************************************************
*** INIT TABLE
***

          Address   Size
          -------   ----
Zero (__iar_zero_init2)
    1 destination range, total size 0x35:
          0x000010  0x35



*******************************************************************************
*** MODULE SUMMARY
***

    Module                 ro code  ro data  rw data
    ------                 -------  -------  -------
C:\Users\admin\Desktop\New folder\Arduino - IR\Debug\Obj: [1]
    Arduino.o                  467
    IRremote.o                  95                 4
    Print.o                    208
    Serial.o                   495       10       39
    main.o                      70        6        2
    preinit.o                  588                 8
    ------------------------------------------------
    Total:                   1 923       16       53

command line: [2]
    ------------------------------------------------
    Total:

dbgstm8smd.a: [3]
    __dbg_break.o                1
    __dbg_xxexit.o              20
    ------------------------------------------------
    Total:                      21

dlstm8smn.a: [4]
    cexit.o                      5
    char.o                      10
    cppinit.o                   30
    cstartup.o                  29
    dc_util.o                   26
    exit.o                       3
    init.o                      23
    init_small.o                30
    interrupt.o                  3      128
    long.o                     194
    long_util.o                 71
    low_level_init.o             3
    short.o                     46
    unhandled_exception.o        3
    vreg_util.o                198
    vregs.o                                       16
    ------------------------------------------------
    Total:                     674      128       16

    Linker created                        8      256
----------------------------------------------------
    Grand Total:             2 618      152      325


*******************************************************************************
*** ENTRY LIST
***

Entry                    Address   Size  Type      Object
-----                    -------   ----  ----      ------
.iar.init_table$$Base   0x0089a7          --   Gb  - Linker created -
.iar.init_table$$Limit  0x0089af          --   Gb  - Linker created -
??call_ctors            0x0089f8         Code  Gb  cstartup.o [4]
?b0                     0x000000         Data  Gb  vregs.o [4]
?b1                     0x000001         Data  Gb  vregs.o [4]
?b10                    0x00000a         Data  Gb  vregs.o [4]
?b11                    0x00000b         Data  Gb  vregs.o [4]
?b12                    0x00000c         Data  Gb  vregs.o [4]
?b13                    0x00000d         Data  Gb  vregs.o [4]
?b14                    0x00000e         Data  Gb  vregs.o [4]
?b15                    0x00000f         Data  Gb  vregs.o [4]
?b2                     0x000002         Data  Gb  vregs.o [4]
?b3                     0x000003         Data  Gb  vregs.o [4]
?b4                     0x000004         Data  Gb  vregs.o [4]
?b5                     0x000005         Data  Gb  vregs.o [4]
?b6                     0x000006         Data  Gb  vregs.o [4]
?b7                     0x000007         Data  Gb  vregs.o [4]
?b8                     0x000008         Data  Gb  vregs.o [4]
?b9                     0x000009         Data  Gb  vregs.o [4]
?dc32_l0                0x008a08         Code  Gb  dc_util.o [4]
?dc32_l1                0x008a15         Code  Gb  dc_util.o [4]
?e0                     0x000001         Data  Gb  vregs.o [4]
?e1                     0x000005         Data  Gb  vregs.o [4]
?e2                     0x000009         Data  Gb  vregs.o [4]
?e3                     0x00000d         Data  Gb  vregs.o [4]
?epilogue_l2            0x00841f         Code  Gb  vreg_util.o [4]
?epilogue_l2_l3         0x00841c         Code  Gb  vreg_util.o [4]
?epilogue_l2_w6         0x008423         Code  Gb  vreg_util.o [4]
?l0                     0x000000         Data  Gb  vregs.o [4]
?l1                     0x000004         Data  Gb  vregs.o [4]
?l2                     0x000008         Data  Gb  vregs.o [4]
?l3                     0x00000c         Data  Gb  vregs.o [4]
?load32_0x_l0           0x008757         Code  Gb  long_util.o [4]
?load32_asp_l0          0x00874b         Code  Gb  long_util.o [4]
?load32_dbsp_l0         0x008746         Code  Gb  long_util.o [4]
?load32_l0_0x           0x00871e         Code  Gb  long_util.o [4]
?load32_l1_0x           0x00873a         Code  Gb  long_util.o [4]
?load32_l1_asp          0x00872f         Code  Gb  long_util.o [4]
?load32_l1_dbsp         0x00872a         Code  Gb  long_util.o [4]
?load32_l1_xsp          0x008731         Code  Gb  long_util.o [4]
?load32_xsp_l0          0x00874d         Code  Gb  long_util.o [4]
?mov_e1_e2              0x008434         Code  Gb  vreg_util.o [4]
?mov_e1_e3              0x008441         Code  Gb  vreg_util.o [4]
?mov_e2_e0              0x00844e         Code  Gb  vreg_util.o [4]
?mov_e3_e1              0x00845b         Code  Gb  vreg_util.o [4]
?mov_l1_l2              0x008431         Code  Gb  vreg_util.o [4]
?mov_l1_l3              0x00843e         Code  Gb  vreg_util.o [4]
?mov_l2_l0              0x00844b         Code  Gb  vreg_util.o [4]
?mov_l3_l1              0x008458         Code  Gb  vreg_util.o [4]
?mov_w3_w5              0x008437         Code  Gb  vreg_util.o [4]
?mov_w3_w7              0x008444         Code  Gb  vreg_util.o [4]
?mov_w5_w1              0x008451         Code  Gb  vreg_util.o [4]
?mov_w6_w0              0x00842a         Code  Gb  vreg_util.o [4]
?mov_w7_w3              0x00845e         Code  Gb  vreg_util.o [4]
?mul16_x_x_w0           0x00894f         Code  Gb  short.o [4]
?or32_l0_l0_0x          0x00850f         Code  Gb  long.o [4]
?or32_l0_l0_l1          0x00850c         Code  Gb  long.o [4]
?pop_l2                 0x0083fe         Code  Gb  vreg_util.o [4]
?pop_l3                 0x008409         Code  Gb  vreg_util.o [4]
?pop_w0                 0x0083c1         Code  Gb  vreg_util.o [4]
?pop_w6                 0x0083c8         Code  Gb  vreg_util.o [4]
?push_l2                0x0083d7         Code  Gb  vreg_util.o [4]
?push_l3                0x0083dc         Code  Gb  vreg_util.o [4]
?push_w0                0x00839f         Code  Gb  vreg_util.o [4]
?push_w4                0x0083a4         Code  Gb  vreg_util.o [4]
?push_w6                0x0083a9         Code  Gb  vreg_util.o [4]
?scmp32_c_l0_l1         0x0084f5         Code  Gb  long.o [4]
?sll8_a_a_b0            0x008a9a         Code  Gb  char.o [4]
?smod16_y_x_y           0x00896d         Code  Gb  short.o [4]
?sub32_l0_l0_0x         0x008468         Code  Gb  long.o [4]
?sub32_l0_l0_l1         0x008465         Code  Gb  long.o [4]
?udiv32_l0_dl_l1        0x008480         Code  Gb  long.o [4]
?udiv32_l0_l0_dl        0x008485         Code  Gb  long.o [4]
?udiv32_l0_l0_l1        0x008488         Code  Gb  long.o [4]
?umod32_l1_l0_l1        0x008488         Code  Gb  long.o [4]
?w0                     0x000000         Data  Gb  vregs.o [4]
?w1                     0x000002         Data  Gb  vregs.o [4]
?w2                     0x000004         Data  Gb  vregs.o [4]
?w3                     0x000006         Data  Gb  vregs.o [4]
?w4                     0x000008         Data  Gb  vregs.o [4]
?w5                     0x00000a         Data  Gb  vregs.o [4]
?w6                     0x00000c         Data  Gb  vregs.o [4]
?w7                     0x00000e         Data  Gb  vregs.o [4]
CSTACK$$Base            0x000300          --   Gb  - Linker created -
CSTACK$$Limit           0x000400          --   Gb  - Linker created -
HardwareSerial::HardwareSerial()
                        0x008ab2    0x6  Code  Gb  Serial.o [1]
HardwareSerial::_error  0x000040    0x1  Data  Gb  Serial.o [1]
HardwareSerial::_rxbuf  0x000010   0x10  Data  Gb  Serial.o [1]
HardwareSerial::_rxbuflen
                        0x000042    0x1  Data  Gb  Serial.o [1]
HardwareSerial::_rxbufpos
                        0x000041    0x1  Data  Gb  Serial.o [1]
HardwareSerial::_txbuf  0x000020   0x10  Data  Gb  Serial.o [1]
HardwareSerial::_txbuflen
                        0x000044    0x1  Data  Gb  Serial.o [1]
HardwareSerial::_txbufpos
                        0x000043    0x1  Data  Gb  Serial.o [1]
HardwareSerial::begin(unsigned long)
                        0x00827a  0x125  Code  Gb  Serial.o [1]
HardwareSerial::write(unsigned char)
                        0x0088b6   0x39  Code  Gb  Serial.o [1]
INTVEC$$Base            0x008000          --   Gb  - Linker created -
INTVEC$$Limit           0x008080          --   Gb  - Linker created -
IR_receiver()           0x008676   0x5f  Code  Gb  IRremote.o [1]
Print::print(char const __near *)
                        0x0087f1   0x45  Code  Gb  Print.o [1]
Print::println()        0x00897d   0x2a  Code  Gb  Print.o [1]
Print::println(char const __near *)
                        0x008a22   0x18  Code  Gb  Print.o [1]
Print::write(unsigned char const __near *, unsigned short)
                        0x0086d5   0x49  Code  Gb  Print.o [1]
Region$$Table$$Base     0x0089a7          --   Gb  - Linker created -
Region$$Table$$Limit    0x0089af          --   Gb  - Linker created -
SHT$$INIT_ARRAY$$Base   0x008acf          --   Gb  - Linker created -
SHT$$INIT_ARRAY$$Limit  0x008ad1          --   Gb  - Linker created -
SHT$$PREINIT_ARRAY$$Base
                        0x008acf          --   Gb  - Linker created -
SHT$$PREINIT_ARRAY$$Limit
                        0x008acf          --   Gb  - Linker created -
Serial                  0x00003e    0x2  Data  Gb  Serial.o [1]
TIM1_UPD_OVF_TRG_BRK_IRQHandler()
                        0x008a8b    0xf  Code  Gb  preinit.o [1]
TIM4_UPD_OVF_IRQHandler()
                        0x008a78   0x13  Code  Gb  preinit.o [1]
UART1_RX_IRQHandler()   0x008877   0x3f  Code  Gb  Serial.o [1]
UART1_TX_IRQHandler()   0x0087ab   0x46  Code  Gb  Serial.o [1]
Virtual function table for HardwareSerial
                        0x008aa4    0x8  Data  Gb  Serial.o [1]
__DebugBreak            0x008ad1    0x1  Code  Gb  __dbg_break.o [3]
__call_ctors            0x0089af   0x1e  Code  Gb  cppinit.o [4]
__exit                  0x008a51   0x14  Code  Gb  __dbg_xxexit.o [3]
__iar_cstart_call_ctors
                        0x0089f8         Code  Gb  cstartup.o [4]
__iar_data_init2        0x008a3a   0x17  Code  Gb  init.o [4]
__iar_program_start     0x0089eb         Code  Gb  cstartup.o [4]
__iar_unhandled_exception
                        0x008acc         Code  Gb  unhandled_exception.o [4]
__iar_zero_init2        0x0089cd         Code  Gb  init_small.o [4]
__intvec                0x008000         Data  Gb  interrupt.o [4]
__low_level_init        0x008ac6    0x3  Code  Gb  low_level_init.o [4]
__ms                    0x000034    0x4  Data  Gb  preinit.o [1]
__preinit()             0x008080  0x1fa  Code  Gb  preinit.o [1]
__sti__routine          0x008ab8    0x6  Code  Lc  Serial.o [1]
__us                    0x000030    0x4  Data  Gb  preinit.o [1]
_exit                   0x008abe         Code  Gb  cexit.o [4]
_interrupt_13           0x008a8b         Code  Gb  preinit.o [1]
_interrupt_19           0x0087ab         Code  Gb  Serial.o [1]
_interrupt_20           0x008877         Code  Gb  Serial.o [1]
_interrupt_25           0x008a78         Code  Gb  preinit.o [1]
delay(unsigned long)    0x00891f   0x30  Code  Gb  preinit.o [1]
digitalRead(unsigned char)
                        0x008836   0x41  Code  Gb  Arduino.o [1]
exit                    0x008ac9    0x3  Code  Gb  exit.o [4]
main                    0x008765   0x46  Code  Gb  main.o [1]
micros()                0x008a65   0x13  Code  Gb  Arduino.o [1]
pinMode(unsigned char, unsigned char)
                        0x0085d8   0x9e  Code  Gb  Arduino.o [1]
pinToGPIO(unsigned char)
                        0x0088ef   0x30  Code  Lc  Arduino.o [1]
pulseIn(unsigned char, unsigned char, unsigned long)
                        0x008527   0xb1  Code  Gb  Arduino.o [1]
test                    0x00003c    0x2  Data  Gb  main.o [1]


[1] = C:\Users\admin\Desktop\New folder\Arduino - IR\Debug\Obj
[2] = command line
[3] = dbgstm8smd.a
[4] = dlstm8smn.a

  2 618 bytes of readonly  code memory
    152 bytes of readonly  data memory
    325 bytes of readwrite data memory

Errors: none
Warnings: none
