###############################################################################
#
# IAR ELF Linker V2.20.1.176 for STM8                     11/Nov/2019  21:29:29
# Copyright 2010-2015 IAR Systems AB.
#
#    Output file  =  
#        C:\Users\admin\Desktop\STM8S\Project
#        Development\stm8_arduino_exti\Debug\Exe\STM8_Arduino.out
#    Map file     =  
#        C:\Users\admin\Desktop\STM8S\Project
#        Development\stm8_arduino_exti\Debug\List\STM8_Arduino.map
#    Command line =  
#        "C:\Users\admin\Desktop\STM8S\Project
#        Development\stm8_arduino_exti\Debug\Obj\Arduino.o"
#        "C:\Users\admin\Desktop\STM8S\Project
#        Development\stm8_arduino_exti\Debug\Obj\EEPROM.o"
#        "C:\Users\admin\Desktop\STM8S\Project
#        Development\stm8_arduino_exti\Debug\Obj\exti_conf.o"
#        "C:\Users\admin\Desktop\STM8S\Project
#        Development\stm8_arduino_exti\Debug\Obj\main.o"
#        "C:\Users\admin\Desktop\STM8S\Project
#        Development\stm8_arduino_exti\Debug\Obj\preinit.o"
#        "C:\Users\admin\Desktop\STM8S\Project
#        Development\stm8_arduino_exti\Debug\Obj\Print.o"
#        "C:\Users\admin\Desktop\STM8S\Project
#        Development\stm8_arduino_exti\Debug\Obj\Rand.o"
#        "C:\Users\admin\Desktop\STM8S\Project
#        Development\stm8_arduino_exti\Debug\Obj\Serial.o"
#        "C:\Users\admin\Desktop\STM8S\Project
#        Development\stm8_arduino_exti\Debug\Obj\Sketch.o"
#        "C:\Users\admin\Desktop\STM8S\Project
#        Development\stm8_arduino_exti\Debug\Obj\stm8s_exti.o"
#        "C:\Users\admin\Desktop\STM8S\Project
#        Development\stm8_arduino_exti\Debug\Obj\stm8s_gpio.o" --redirect
#        _Printf=_PrintfSmallNoMb --redirect _Scanf=_ScanfSmallNoMb -o
#        "C:\Users\admin\Desktop\STM8S\Project
#        Development\stm8_arduino_exti\Debug\Exe\STM8_Arduino.out" --map
#        "C:\Users\admin\Desktop\STM8S\Project
#        Development\stm8_arduino_exti\Debug\List\STM8_Arduino.map" --config
#        "C:\Program Files (x86)\IAR Systems\Embedded Workbench
#        7.3\stm8\config\lnkstm8s103f3.icf" --config_def _CSTACK_SIZE=0x100
#        --config_def _HEAP_SIZE=0x100 --entry __iar_program_start --debug_lib
#        --merge_duplicate_sections
#
###############################################################################

*******************************************************************************
*** RUNTIME MODEL ATTRIBUTES
***

__SystemLibrary            = DLib
__code_model               = small
__core                     = stm8
__data_model               = medium
__dlib_file_descriptor     = 0
__dlib_full_locale_support = 0
__rt_version               = 4


*******************************************************************************
*** PLACEMENT SUMMARY
***

"A1":  place at start of [0x000000-0x0000ff] { rw section .vregs };
"A2":  place at end of [0x000000-0x0003ff] { block CSTACK };
"P2":  place in [from 0x000000 to 0x0003ff] {
          block HEAP, rw section __DLIB_PERTHREAD, rw section .far.bss,
          rw section .far.data, rw section .far.noinit,
          rw section .far_func.textrw, rw section .huge.bss,
          rw section .huge.data, rw section .huge.noinit,
          rw section .huge_func.textrw, rw section .iar.dynexit,
          rw section .near.bss, rw section .near.data, rw section .near.noinit,
          rw section .near_func.textrw };
"A3":  place at start of [0x008000-0x009fff] { block INTVEC };
"P3":  place in [from 0x008000 to 0x009fff] {
          ro section __DLIB_PERTHREAD_init, ro section .far.data_init,
          ro section .far_func.textrw_init, ro section .huge.data_init,
          ro section .huge_func.textrw_init, ro section .iar.init_table,
          ro section .init_array, ro section .near.data_init,
          ro section .near.rodata, ro section .near_func.text,
          ro section .near_func.textrw_init, ro section .tiny.data_init,
          ro section .tiny.rodata_init };

  Section             Kind      Address   Size  Object
  -------             ----      -------   ----  ------
"A1":                                     0x10
  .vregs              uninit   0x000000   0x10  vregs.o [4]
                             - 0x000010   0x10

"P2":                                     0x2f
  .near.bss           zero     0x000010   0x10  Serial.o [1]
  .near.bss           zero     0x000020   0x10  Serial.o [1]
  .near.bss           zero     0x000030    0x4  preinit.o [1]
  .near.bss           zero     0x000034    0x4  preinit.o [1]
  .near.bss           zero     0x000038    0x2  Serial.o [1]
  .near.bss           zero     0x00003a    0x1  Serial.o [1]
  .near.bss           zero     0x00003b    0x1  Serial.o [1]
  .near.bss           zero     0x00003c    0x1  Serial.o [1]
  .near.bss           zero     0x00003d    0x1  Serial.o [1]
  .near.bss           zero     0x00003e    0x1  Serial.o [1]
                             - 0x00003f   0x2f

"A2":                                    0x100
  CSTACK                       0x000300  0x100  <Block>
    CSTACK            uninit   0x000300  0x100  <Block tail>
                             - 0x000400  0x100

"A3":                                     0x80
  INTVEC                       0x008000   0x80  <Block>
    .intvec           const    0x008000   0x80  interrupt.o [4]
                             - 0x008080   0x80

"P3":                                    0x82f
  .near_func.text     ro code  0x008080  0x1fa  preinit.o [1]
  .near_func.text     ro code  0x00827a   0xaf  stm8s_gpio.o [1]
  .near_func.text     ro code  0x008329   0x9e  Arduino.o [1]
  .near_func.text     ro code  0x0083c7   0x89  Arduino.o [1]
  .near_func.text     ro code  0x008450   0x7f  vreg_util.o [4]
  .near_func.text     ro code  0x0084cf   0x75  long.o [4]
  .near_func.text     ro code  0x008544   0x6d  stm8s_exti.o [1]
  .near_func.text     ro code  0x0085b1   0x49  Print.o [1]
  .near_func.text     ro code  0x0085fa   0x46  Serial.o [1]
  .near_func.text     ro code  0x008640   0x3f  Serial.o [1]
  .near_func.text     ro code  0x00867f   0x39  Serial.o [1]
  .near_func.text     ro code  0x0086b8   0x30  Arduino.o [1]
  .near_func.text     ro code  0x0086e8   0x30  preinit.o [1]
  .near_func.text     ro code  0x008718   0x2e  short.o [4]
  .near_func.text     ro code  0x008746   0x26  Sketch.o [1]
  .near_func.text     ro code  0x00876c   0x21  main.o [1]
  .iar.init_table     const    0x00878d    0x8  - Linker created -
  .near_func.text     ro code  0x008795   0x1e  cppinit.o [4]
  .near_func.text     ro code  0x0087b3   0x1e  init_small.o [4]
  .near_func.text     ro code  0x0087d1   0x1d  cstartup.o [4]
  .near_func.text     ro code  0x0087ee   0x1a  dc_util.o [4]
  .near_func.text     ro code  0x008808   0x18  long_util.o [4]
  .near_func.text     ro code  0x008820   0x17  init.o [4]
  .near_func.text     ro code  0x008837   0x14  __dbg_xxexit.o [3]
  .near_func.text     ro code  0x00884b   0x13  preinit.o [1]
  .near_func.text     ro code  0x00885e   0x10  char.o [4]
  .near_func.text     ro code  0x00886e    0xf  preinit.o [1]
  .near_func.text     ro code  0x00887d    0x9  Sketch.o [1]
  .near.rodata        const    0x008886    0x8  Serial.o [1]
  .near_func.text     ro code  0x00888e    0x6  Serial.o [1]
  .near_func.text     ro code  0x008894    0x6  Serial.o [1]
  .near_func.text     ro code  0x00889a    0x5  cexit.o [4]
  .near_func.text     ro code  0x00889f    0x3  interrupt.o [4]
  .near_func.text     ro code  0x0088a2    0x3  low_level_init.o [4]
  .near_func.text     ro code  0x0088a5    0x3  exit.o [4]
  .near_func.text     ro code  0x0088a8    0x3  unhandled_exception.o [4]
  SHT$$PREINIT_ARRAY           0x0088ab    0x0  <Block>
  SHT$$INIT_ARRAY              0x0088ab    0x2  <Block>
    .difunct          const    0x0088ab    0x2  Serial.o [1]
  .near_func.text     ro code  0x0088ad    0x1  exti_conf.o [1]
  .near_func.text     ro code  0x0088ae    0x1  __dbg_break.o [3]
                             - 0x0088af  0x82f


*******************************************************************************
*** INIT TABLE
***

          Address   Size
          -------   ----
Zero (__iar_zero_init2)
    1 destination range, total size 0x2f:
          0x000010  0x2f



*******************************************************************************
*** MODULE SUMMARY
***

    Module                 ro code  ro data  rw data
    ------                 -------  -------  -------
C:\Users\admin\Desktop\STM8S\Project Development\stm8_arduino_exti\Debug\Obj: [1]
    Arduino.o                  343
    Print.o                     73
    Serial.o                   202       10       39
    Sketch.o                    47
    exti_conf.o                  1
    main.o                      33
    preinit.o                  588                 8
    stm8s_exti.o               109
    stm8s_gpio.o               175
    ------------------------------------------------
    Total:                   1 571       10       47

command line: [2]
    ------------------------------------------------
    Total:

dbgstm8smd.a: [3]
    __dbg_break.o                1
    __dbg_xxexit.o              20
    ------------------------------------------------
    Total:                      21

dlstm8smn.a: [4]
    cexit.o                      5
    char.o                      16
    cppinit.o                   30
    cstartup.o                  29
    dc_util.o                   26
    exit.o                       3
    init.o                      23
    init_small.o                30
    interrupt.o                  3      128
    long.o                     117
    long_util.o                 24
    low_level_init.o             3
    short.o                     46
    unhandled_exception.o        3
    vreg_util.o                127
    vregs.o                                       16
    ------------------------------------------------
    Total:                     485      128       16

    Linker created                        8      256
----------------------------------------------------
    Grand Total:             2 077      146      319


*******************************************************************************
*** ENTRY LIST
***

Entry                    Address   Size  Type      Object
-----                    -------   ----  ----      ------
.iar.init_table$$Base   0x00878d          --   Gb  - Linker created -
.iar.init_table$$Limit  0x008795          --   Gb  - Linker created -
??call_ctors            0x0087de         Code  Gb  cstartup.o [4]
?b0                     0x000000         Data  Gb  vregs.o [4]
?b1                     0x000001         Data  Gb  vregs.o [4]
?b10                    0x00000a         Data  Gb  vregs.o [4]
?b11                    0x00000b         Data  Gb  vregs.o [4]
?b12                    0x00000c         Data  Gb  vregs.o [4]
?b13                    0x00000d         Data  Gb  vregs.o [4]
?b14                    0x00000e         Data  Gb  vregs.o [4]
?b15                    0x00000f         Data  Gb  vregs.o [4]
?b2                     0x000002         Data  Gb  vregs.o [4]
?b3                     0x000003         Data  Gb  vregs.o [4]
?b4                     0x000004         Data  Gb  vregs.o [4]
?b5                     0x000005         Data  Gb  vregs.o [4]
?b6                     0x000006         Data  Gb  vregs.o [4]
?b7                     0x000007         Data  Gb  vregs.o [4]
?b8                     0x000008         Data  Gb  vregs.o [4]
?b9                     0x000009         Data  Gb  vregs.o [4]
?dc32_l0                0x0087ee         Code  Gb  dc_util.o [4]
?dc32_l1                0x0087fb         Code  Gb  dc_util.o [4]
?e0                     0x000001         Data  Gb  vregs.o [4]
?e1                     0x000005         Data  Gb  vregs.o [4]
?e2                     0x000009         Data  Gb  vregs.o [4]
?e3                     0x00000d         Data  Gb  vregs.o [4]
?epilogue_l2            0x0084c4         Code  Gb  vreg_util.o [4]
?epilogue_l2_l3         0x0084c1         Code  Gb  vreg_util.o [4]
?l0                     0x000000         Data  Gb  vregs.o [4]
?l1                     0x000004         Data  Gb  vregs.o [4]
?l2                     0x000008         Data  Gb  vregs.o [4]
?l3                     0x00000c         Data  Gb  vregs.o [4]
?load32_l0_0x           0x008808         Code  Gb  long_util.o [4]
?load32_l1_0x           0x008814         Code  Gb  long_util.o [4]
?mov_w6_w0              0x0084c8         Code  Gb  vreg_util.o [4]
?mul16_x_x_w0           0x008718         Code  Gb  short.o [4]
?pop_l2                 0x0084a3         Code  Gb  vreg_util.o [4]
?pop_l3                 0x0084ae         Code  Gb  vreg_util.o [4]
?pop_w0                 0x00846d         Code  Gb  vreg_util.o [4]
?push_l2                0x00847c         Code  Gb  vreg_util.o [4]
?push_l3                0x008481         Code  Gb  vreg_util.o [4]
?push_w0                0x008450         Code  Gb  vreg_util.o [4]
?push_w4                0x008455         Code  Gb  vreg_util.o [4]
?sll8_a_a_5             0x008869         Code  Gb  char.o [4]
?sll8_a_a_6             0x008868         Code  Gb  char.o [4]
?sll8_a_a_b0            0x00885e         Code  Gb  char.o [4]
?smod16_y_x_y           0x008736         Code  Gb  short.o [4]
?udiv32_l0_dl_l1        0x0084cf         Code  Gb  long.o [4]
?udiv32_l0_l0_dl        0x0084d4         Code  Gb  long.o [4]
?udiv32_l0_l0_l1        0x0084d7         Code  Gb  long.o [4]
?umod32_l1_l0_l1        0x0084d7         Code  Gb  long.o [4]
?w0                     0x000000         Data  Gb  vregs.o [4]
?w1                     0x000002         Data  Gb  vregs.o [4]
?w2                     0x000004         Data  Gb  vregs.o [4]
?w3                     0x000006         Data  Gb  vregs.o [4]
?w4                     0x000008         Data  Gb  vregs.o [4]
?w5                     0x00000a         Data  Gb  vregs.o [4]
?w6                     0x00000c         Data  Gb  vregs.o [4]
?w7                     0x00000e         Data  Gb  vregs.o [4]
CSTACK$$Base            0x000300          --   Gb  - Linker created -
CSTACK$$Limit           0x000400          --   Gb  - Linker created -
EXTI_PORTA_IRQHandler()
                        0x0088ad    0x1  Code  Gb  exti_conf.o [1]
EXTI_SetExtIntSensitivity(EXTI_Port_TypeDef, EXTI_Sensitivity_TypeDef)
                        0x008544   0x6d  Code  Gb  stm8s_exti.o [1]
GPIO_Init(GPIO_struct __near *, GPIO_Pin_TypeDef, GPIO_Mode_TypeDef)
                        0x00827a   0xaf  Code  Gb  stm8s_gpio.o [1]
HardwareSerial::HardwareSerial()
                        0x00888e    0x6  Code  Gb  Serial.o [1]
HardwareSerial::_error  0x00003a    0x1  Data  Gb  Serial.o [1]
HardwareSerial::_rxbuf  0x000010   0x10  Data  Gb  Serial.o [1]
HardwareSerial::_rxbuflen
                        0x00003c    0x1  Data  Gb  Serial.o [1]
HardwareSerial::_rxbufpos
                        0x00003b    0x1  Data  Gb  Serial.o [1]
HardwareSerial::_txbuf  0x000020   0x10  Data  Gb  Serial.o [1]
HardwareSerial::_txbuflen
                        0x00003e    0x1  Data  Gb  Serial.o [1]
HardwareSerial::_txbufpos
                        0x00003d    0x1  Data  Gb  Serial.o [1]
HardwareSerial::write(unsigned char)
                        0x00867f   0x39  Code  Gb  Serial.o [1]
INTVEC$$Base            0x008000          --   Gb  - Linker created -
INTVEC$$Limit           0x008080          --   Gb  - Linker created -
Print::write(unsigned char const __near *, unsigned short)
                        0x0085b1   0x49  Code  Gb  Print.o [1]
Region$$Table$$Base     0x00878d          --   Gb  - Linker created -
Region$$Table$$Limit    0x008795          --   Gb  - Linker created -
SHT$$INIT_ARRAY$$Base   0x0088ab          --   Gb  - Linker created -
SHT$$INIT_ARRAY$$Limit  0x0088ad          --   Gb  - Linker created -
SHT$$PREINIT_ARRAY$$Base
                        0x0088ab          --   Gb  - Linker created -
SHT$$PREINIT_ARRAY$$Limit
                        0x0088ab          --   Gb  - Linker created -
Serial                  0x000038    0x2  Data  Gb  Serial.o [1]
TIM1_UPD_OVF_TRG_BRK_IRQHandler()
                        0x00886e    0xf  Code  Gb  preinit.o [1]
TIM4_UPD_OVF_IRQHandler()
                        0x00884b   0x13  Code  Gb  preinit.o [1]
UART1_RX_IRQHandler()   0x008640   0x3f  Code  Gb  Serial.o [1]
UART1_TX_IRQHandler()   0x0085fa   0x46  Code  Gb  Serial.o [1]
Virtual function table for HardwareSerial
                        0x008886    0x8  Data  Gb  Serial.o [1]
__DebugBreak            0x0088ae    0x1  Code  Gb  __dbg_break.o [3]
__call_ctors            0x008795   0x1e  Code  Gb  cppinit.o [4]
__exit                  0x008837   0x14  Code  Gb  __dbg_xxexit.o [3]
__iar_cstart_call_ctors
                        0x0087de         Code  Gb  cstartup.o [4]
__iar_data_init2        0x008820   0x17  Code  Gb  init.o [4]
__iar_program_start     0x0087d1         Code  Gb  cstartup.o [4]
__iar_unhandled_exception
                        0x0088a8         Code  Gb  unhandled_exception.o [4]
__iar_zero_init2        0x0087b3         Code  Gb  init_small.o [4]
__intvec                0x008000         Data  Gb  interrupt.o [4]
__low_level_init        0x0088a2    0x3  Code  Gb  low_level_init.o [4]
__ms                    0x000034    0x4  Data  Gb  preinit.o [1]
__preinit()             0x008080  0x1fa  Code  Gb  preinit.o [1]
__sti__routine          0x008894    0x6  Code  Lc  Serial.o [1]
__us                    0x000030    0x4  Data  Gb  preinit.o [1]
_exit                   0x00889a         Code  Gb  cexit.o [4]
_interrupt_13           0x00886e         Code  Gb  preinit.o [1]
_interrupt_19           0x0085fa         Code  Gb  Serial.o [1]
_interrupt_20           0x008640         Code  Gb  Serial.o [1]
_interrupt_25           0x00884b         Code  Gb  preinit.o [1]
_interrupt_5            0x0088ad         Code  Gb  exti_conf.o [1]
delay(unsigned long)    0x0086e8   0x30  Code  Gb  preinit.o [1]
digitalWrite(unsigned char, bool)
                        0x0083c7   0x89  Code  Gb  Arduino.o [1]
exit                    0x0088a5    0x3  Code  Gb  exit.o [4]
loop()                  0x008746   0x26  Code  Gb  Sketch.o [1]
main                    0x00876c   0x21  Code  Gb  main.o [1]
pinMode(unsigned char, unsigned char)
                        0x008329   0x9e  Code  Gb  Arduino.o [1]
pinToGPIO(unsigned char)
                        0x0086b8   0x30  Code  Lc  Arduino.o [1]
setup()                 0x00887d    0x9  Code  Gb  Sketch.o [1]


[1] = C:\Users\admin\Desktop\STM8S\Project Development\stm8_arduino_exti\Debug\Obj
[2] = command line
[3] = dbgstm8smd.a
[4] = dlstm8smn.a

  2 077 bytes of readonly  code memory
    146 bytes of readonly  data memory
    319 bytes of readwrite data memory

Errors: none
Warnings: none
