###############################################################################
#
# IAR ELF Linker V2.20.1.176 for STM8                     20/Apr/2020  12:13:33
# Copyright 2010-2015 IAR Systems AB.
#
#    Output file  =  
#        C:\Users\Nguyen Huy\Desktop\New folder (2)\stm8_PP\Projects
#        File\Debug\Exe\Project.out
#    Map file     =  
#        C:\Users\Nguyen Huy\Desktop\New folder (2)\stm8_PP\Projects
#        File\Debug\List\Project.map
#    Command line =  
#        "C:\Users\Nguyen Huy\Desktop\New folder (2)\stm8_PP\Projects
#        File\Debug\Obj\Cmd.o" "C:\Users\Nguyen Huy\Desktop\New folder
#        (2)\stm8_PP\Projects File\Debug\Obj\main.o" "C:\Users\Nguyen
#        Huy\Desktop\New folder (2)\stm8_PP\Projects File\Debug\Obj\Print.o"
#        "C:\Users\Nguyen Huy\Desktop\New folder (2)\stm8_PP\Projects
#        File\Debug\Obj\Serial.o" "C:\Users\Nguyen Huy\Desktop\New folder
#        (2)\stm8_PP\Projects File\Debug\Obj\stm8s_adc1.o" "C:\Users\Nguyen
#        Huy\Desktop\New folder (2)\stm8_PP\Projects
#        File\Debug\Obj\stm8s_awu.o" "C:\Users\Nguyen Huy\Desktop\New folder
#        (2)\stm8_PP\Projects File\Debug\Obj\stm8s_beep.o" "C:\Users\Nguyen
#        Huy\Desktop\New folder (2)\stm8_PP\Projects
#        File\Debug\Obj\stm8s_clk.o" "C:\Users\Nguyen Huy\Desktop\New folder
#        (2)\stm8_PP\Projects File\Debug\Obj\stm8s_config.o" "C:\Users\Nguyen
#        Huy\Desktop\New folder (2)\stm8_PP\Projects
#        File\Debug\Obj\stm8s_exti.o" "C:\Users\Nguyen Huy\Desktop\New folder
#        (2)\stm8_PP\Projects File\Debug\Obj\stm8s_flash.o" "C:\Users\Nguyen
#        Huy\Desktop\New folder (2)\stm8_PP\Projects
#        File\Debug\Obj\stm8s_gpio.o" "C:\Users\Nguyen Huy\Desktop\New folder
#        (2)\stm8_PP\Projects File\Debug\Obj\stm8s_i2c.o" "C:\Users\Nguyen
#        Huy\Desktop\New folder (2)\stm8_PP\Projects File\Debug\Obj\stm8s_it.o"
#        "C:\Users\Nguyen Huy\Desktop\New folder (2)\stm8_PP\Projects
#        File\Debug\Obj\stm8s_itc.o" "C:\Users\Nguyen Huy\Desktop\New folder
#        (2)\stm8_PP\Projects File\Debug\Obj\stm8s_iwdg.o" "C:\Users\Nguyen
#        Huy\Desktop\New folder (2)\stm8_PP\Projects
#        File\Debug\Obj\stm8s_rst.o" "C:\Users\Nguyen Huy\Desktop\New folder
#        (2)\stm8_PP\Projects File\Debug\Obj\stm8s_spi.o" "C:\Users\Nguyen
#        Huy\Desktop\New folder (2)\stm8_PP\Projects
#        File\Debug\Obj\stm8s_tim1.o" "C:\Users\Nguyen Huy\Desktop\New folder
#        (2)\stm8_PP\Projects File\Debug\Obj\stm8s_tim2.o" "C:\Users\Nguyen
#        Huy\Desktop\New folder (2)\stm8_PP\Projects
#        File\Debug\Obj\stm8s_tim4.o" "C:\Users\Nguyen Huy\Desktop\New folder
#        (2)\stm8_PP\Projects File\Debug\Obj\stm8s_uart1.o" "C:\Users\Nguyen
#        Huy\Desktop\New folder (2)\stm8_PP\Projects
#        File\Debug\Obj\stm8s_wwdg.o" --redirect _Printf=_PrintfFullNoMb
#        --redirect _Scanf=_ScanfFullNoMb -o "C:\Users\Nguyen Huy\Desktop\New
#        folder (2)\stm8_PP\Projects File\Debug\Exe\Project.out" --map
#        "C:\Users\Nguyen Huy\Desktop\New folder (2)\stm8_PP\Projects
#        File\Debug\List\Project.map" --config "C:\Program Files (x86)\IAR
#        Systems\Embedded Workbench 7.3\stm8\config\lnkstm8s103f3.icf"
#        --config_def _CSTACK_SIZE=0x200 --config_def _HEAP_SIZE=0x1000 --entry
#        __iar_program_start --debug_lib
#
###############################################################################

*******************************************************************************
*** RUNTIME MODEL ATTRIBUTES
***

__SystemLibrary            = DLib
__code_model               = small
__core                     = stm8
__data_model               = medium
__dlib_file_descriptor     = 0
__dlib_full_locale_support = 0
__rt_version               = 4


*******************************************************************************
*** PLACEMENT SUMMARY
***

"A1":  place at start of [0x000000-0x0000ff] { rw section .vregs };
"A2":  place at end of [0x000000-0x0003ff] { block CSTACK };
"P2":  place in [from 0x000000 to 0x0003ff] {
          block HEAP, rw section __DLIB_PERTHREAD, rw section .far.bss,
          rw section .far.data, rw section .far.noinit,
          rw section .far_func.textrw, rw section .huge.bss,
          rw section .huge.data, rw section .huge.noinit,
          rw section .huge_func.textrw, rw section .iar.dynexit,
          rw section .near.bss, rw section .near.data, rw section .near.noinit,
          rw section .near_func.textrw };
"A3":  place at start of [0x008000-0x009fff] { block INTVEC };
"P3":  place in [from 0x008000 to 0x009fff] {
          ro section __DLIB_PERTHREAD_init, ro section .far.data_init,
          ro section .far_func.textrw_init, ro section .huge.data_init,
          ro section .huge_func.textrw_init, ro section .iar.init_table,
          ro section .init_array, ro section .near.data_init,
          ro section .near.rodata, ro section .near_func.text,
          ro section .near_func.textrw_init, ro section .tiny.data_init,
          ro section .tiny.rodata_init };

  Section             Kind      Address    Size  Object
  -------             ----      -------    ----  ------
"A1":                                      0x10
  .vregs              uninit   0x000000    0x10  vregs.o [4]
                             - 0x000010    0x10

"P2":                                      0x30
  .near.bss           zero     0x000010    0x10  Serial.o [1]
  .near.bss           zero     0x000020    0x10  Serial.o [1]
  .near.bss           zero     0x000030     0x4  stm8s_config.o [1]
  .near.bss           zero     0x000034     0x4  stm8s_config.o [1]
  .near.bss           zero     0x000038     0x2  Serial.o [1]
  .near.bss           zero     0x00003a     0x1  Cmd.o [1]
  .near.bss           zero     0x00003b     0x1  Serial.o [1]
  .near.bss           zero     0x00003c     0x1  Serial.o [1]
  .near.bss           zero     0x00003d     0x1  Serial.o [1]
  .near.bss           zero     0x00003e     0x1  Serial.o [1]
  .near.bss           zero     0x00003f     0x1  Serial.o [1]
                             - 0x000040    0x30

"A2":                                     0x200
  CSTACK                       0x000200   0x200  <Block>
    CSTACK            uninit   0x000200   0x200  <Block tail>
                             - 0x000400   0x200

"A3":                                      0x80
  INTVEC                       0x008000    0x80  <Block>
    .intvec           const    0x008000    0x80  interrupt.o [4]
                             - 0x008080    0x80

"P3":                                    0x1518
  .near_func.text     ro code  0x008080   0x226  stm8s_uart1.o [1]
  .near_func.text     ro code  0x0082a6   0x190  long.o [4]
  .near_func.text     ro code  0x008436   0x131  stm8s_clk.o [1]
  .near_func.text     ro code  0x008567   0x118  vreg_util.o [4]
  .near_func.text     ro code  0x00867f   0x114  stm8s_gpio.o [1]
  .near_func.text     ro code  0x008793    0xd1  stm8s_exti.o [1]
  .near_func.text     ro code  0x008864    0xd0  stm8s_uart1.o [1]
  .near_func.text     ro code  0x008934    0xb0  Cmd.o [1]
  .near_func.text     ro code  0x0089e4    0xa2  stm8s_config.o [1]
  .near_func.text     ro code  0x008a86    0x8b  stm8s_clk.o [1]
  .near_func.text     ro code  0x008b11    0x60  stm8s_tim1.o [1]
  .near_func.text     ro code  0x008b71    0x5e  stm8s_config.o [1]
  .near_func.text     ro code  0x008bcf    0x57  stm8s_clk.o [1]
  .near_func.text     ro code  0x008c26    0x57  long_util.o [4]
  .near_func.text     ro code  0x008c7d    0x51  stm8s_tim4.o [1]
  .near_func.text     ro code  0x008cce    0x50  stm8s_tim4.o [1]
  .near.rodata        const    0x008d1e    0x4f  stm8s_uart1.o [1]
  .near.rodata        const    0x008d6d    0x4e  stm8s_exti.o [1]
  .near.rodata        const    0x008dbb    0x4e  stm8s_gpio.o [1]
  .near.rodata        const    0x008e09    0x4e  stm8s_tim1.o [1]
  .near.rodata        const    0x008e57    0x4e  stm8s_tim4.o [1]
  .near_func.text     ro code  0x008ea5    0x4e  stm8s_tim1.o [1]
  .near.rodata        const    0x008ef3    0x4d  stm8s_clk.o [1]
  .near_func.text     ro code  0x008f40    0x4c  stm8s_config.o [1]
  .near_func.text     ro code  0x008f8c    0x49  Print.o [1]
  .near_func.text     ro code  0x008fd5    0x47  main.o [1]
  .near_func.text     ro code  0x00901c    0x46  Serial.o [1]
  .near_func.text     ro code  0x009062    0x45  Print.o [1]
  .near_func.text     ro code  0x0090a7    0x44  strstr.o [4]
  .near_func.text     ro code  0x0090eb    0x3f  Serial.o [1]
  .near_func.text     ro code  0x00912a    0x39  Serial.o [1]
  .near_func.text     ro code  0x009163    0x37  Serial.o [1]
  .near_func.text     ro code  0x00919a    0x36  stm8s_clk.o [1]
  .near_func.text     ro code  0x0091d0    0x35  stm8s_tim1.o [1]
  .near_func.text     ro code  0x009205    0x31  stm8s_it.o [1]
  .near_func.text     ro code  0x009236    0x2f  stm8s_tim1.o [1]
  .near_func.text     ro code  0x009265    0x2f  stm8s_tim4.o [1]
  .near_func.text     ro code  0x009294    0x2a  Print.o [1]
  .near_func.text     ro code  0x0092be    0x25  stm8s_uart1.o [1]
  .near_func.text     ro code  0x0092e3    0x25  dc_util.o [4]
  .near_func.text     ro code  0x009308    0x24  stm8s_tim4.o [1]
  .near_func.text     ro code  0x00932c    0x24  stm8s_tim4.o [1]
  .near_func.text     ro code  0x009350    0x22  stm8s_tim1.o [1]
  .iar.init_table     const    0x009372     0x8  - Linker created -
  .near_func.text     ro code  0x00937a    0x1e  cppinit.o [4]
  .near_func.text     ro code  0x009398    0x1e  init_small.o [4]
  .near_func.text     ro code  0x0093b6    0x1d  cstartup.o [4]
  .near_func.text     ro code  0x0093d3    0x1d  short.o [4]
  .near_func.text     ro code  0x0093f0    0x1b  stm8s_gpio.o [1]
  .near_func.text     ro code  0x00940b    0x19  stm8s_config.o [1]
  .near_func.text     ro code  0x009424    0x18  Print.o [1]
  .near_func.text     ro code  0x00943c    0x18  stm8s_config.o [1]
  .near_func.text     ro code  0x009454    0x17  init.o [4]
  .near_func.text     ro code  0x00946b    0x16  stm8s_it.o [1]
  .near_func.text     ro code  0x009481    0x16  stm8s_it.o [1]
  .near_func.text     ro code  0x009497    0x14  stm8s_config.o [1]
  .near_func.text     ro code  0x0094ab    0x14  __dbg_xxexit.o [3]
  .near_func.text     ro code  0x0094bf    0x13  stm8s_config.o [1]
  .near.rodata        const    0x0094d2    0x10  Cmd.o [1]
  .near_func.text     ro code  0x0094e2     0xd  stm8s_uart1.o [1]
  .near_func.text     ro code  0x0094ef     0xd  move.o [4]
  .near.rodata        const    0x0094fc     0x9  main.o [1]
  .near_func.text     ro code  0x009505     0x9  Print.o [1]
  .near_func.text     ro code  0x00950e     0x9  stm8s_gpio.o [1]
  .near.rodata        const    0x009517     0x8  Cmd.o [1]
  .near.rodata        const    0x00951f     0x8  Cmd.o [1]
  .near.rodata        const    0x009527     0x8  Serial.o [1]
  .near_func.text     ro code  0x00952f     0x8  Serial.o [1]
  .near.rodata        const    0x009537     0x7  Cmd.o [1]
  .near_func.text     ro code  0x00953e     0x7  stm8s_gpio.o [1]
  .near.rodata        const    0x009545     0x6  Cmd.o [1]
  .near_func.text     ro code  0x00954b     0x6  Serial.o [1]
  .near_func.text     ro code  0x009551     0x6  Serial.o [1]
  .near_func.text     ro code  0x009557     0x6  char.o [4]
  .near_func.text     ro code  0x00955d     0x5  cexit.o [4]
  .near.rodata        const    0x009562     0x4  Cmd.o [1]
  .near.rodata        const    0x009566     0x4  stm8s_clk.o [1]
  .near_func.text     ro code  0x00956a     0x4  stm8s_gpio.o [1]
  .near_func.text     ro code  0x00956e     0x4  stm8s_tim4.o [1]
  .near.rodata        const    0x009572     0x3  Cmd.o [1]
  .near_func.text     ro code  0x009575     0x3  Cmd.o [1]
  .near_func.text     ro code  0x009578     0x3  interrupt.o [4]
  .near_func.text     ro code  0x00957b     0x3  low_level_init.o [4]
  .near_func.text     ro code  0x00957e     0x3  exit.o [4]
  .near_func.text     ro code  0x009581     0x3  unhandled_exception.o [4]
  .near_func.text     ro code  0x009584     0x2  main.o [1]
  SHT$$PREINIT_ARRAY           0x009586     0x0  <Block>
  SHT$$INIT_ARRAY              0x009586     0x2  <Block>
    .difunct          const    0x009586     0x2  Serial.o [1]
  .near_func.text     ro code  0x009588     0x1  stm8s_it.o [1]
  .near_func.text     ro code  0x009589     0x1  stm8s_it.o [1]
  .near_func.text     ro code  0x00958a     0x1  stm8s_it.o [1]
  .near_func.text     ro code  0x00958b     0x1  stm8s_it.o [1]
  .near_func.text     ro code  0x00958c     0x1  stm8s_it.o [1]
  .near_func.text     ro code  0x00958d     0x1  stm8s_it.o [1]
  .near_func.text     ro code  0x00958e     0x1  stm8s_it.o [1]
  .near_func.text     ro code  0x00958f     0x1  stm8s_it.o [1]
  .near_func.text     ro code  0x009590     0x1  stm8s_it.o [1]
  .near_func.text     ro code  0x009591     0x1  stm8s_it.o [1]
  .near_func.text     ro code  0x009592     0x1  stm8s_it.o [1]
  .near_func.text     ro code  0x009593     0x1  stm8s_it.o [1]
  .near_func.text     ro code  0x009594     0x1  stm8s_it.o [1]
  .near_func.text     ro code  0x009595     0x1  stm8s_it.o [1]
  .near_func.text     ro code  0x009596     0x1  stm8s_it.o [1]
  .near_func.text     ro code  0x009597     0x1  __dbg_break.o [3]
                             - 0x009598  0x1518


*******************************************************************************
*** INIT TABLE
***

          Address   Size
          -------   ----
Zero (__iar_zero_init2)
    1 destination range, total size 0x30:
          0x000010  0x30



*******************************************************************************
*** MODULE SUMMARY
***

    Module                 ro code  ro data  rw data
    ------                 -------  -------  -------
C:\Users\Nguyen Huy\Desktop\New folder (2)\stm8_PP\Projects File\Debug\Obj: [1]
    Cmd.o                      179       52        1
    Print.o                    217
    Serial.o                   265       10       39
    main.o                      73        9
    stm8s_clk.o                585       81
    stm8s_config.o             420                 8
    stm8s_exti.o               209       78
    stm8s_gpio.o               323       78
    stm8s_it.o                 108
    stm8s_tim1.o               308       78
    stm8s_tim4.o               284       78
    stm8s_uart1.o              808       79
    ------------------------------------------------
    Total:                   3 779      543       48

command line: [2]
    ------------------------------------------------
    Total:

dbgstm8smd.a: [3]
    __dbg_break.o                1
    __dbg_xxexit.o              20
    ------------------------------------------------
    Total:                      21

dlstm8smn.a: [4]
    cexit.o                      5
    char.o                       6
    cppinit.o                   30
    cstartup.o                  29
    dc_util.o                   37
    exit.o                       3
    init.o                      23
    init_small.o                30
    interrupt.o                  3      128
    long.o                     400
    long_util.o                 87
    low_level_init.o             3
    move.o                      13
    short.o                     29
    strstr.o                    68
    unhandled_exception.o        3
    vreg_util.o                280
    vregs.o                                       16
    ------------------------------------------------
    Total:                   1 049      128       16

    Linker created                        8      512
----------------------------------------------------
    Grand Total:             4 849      679      576


*******************************************************************************
*** ENTRY LIST
***

Entry                    Address   Size  Type      Object
-----                    -------   ----  ----      ------
.iar.init_table$$Base   0x009372          --   Gb  - Linker created -
.iar.init_table$$Limit  0x00937a          --   Gb  - Linker created -
??call_ctors            0x0093c3         Code  Gb  cstartup.o [4]
?add32_l0_l0_0x         0x0082c1         Code  Gb  long.o [4]
?add32_l0_l0_dl         0x0082b9         Code  Gb  long.o [4]
?add32_l0_l0_l1         0x0082be         Code  Gb  long.o [4]
?b0                     0x000000         Data  Gb  vregs.o [4]
?b1                     0x000001         Data  Gb  vregs.o [4]
?b10                    0x00000a         Data  Gb  vregs.o [4]
?b11                    0x00000b         Data  Gb  vregs.o [4]
?b12                    0x00000c         Data  Gb  vregs.o [4]
?b13                    0x00000d         Data  Gb  vregs.o [4]
?b14                    0x00000e         Data  Gb  vregs.o [4]
?b15                    0x00000f         Data  Gb  vregs.o [4]
?b2                     0x000002         Data  Gb  vregs.o [4]
?b3                     0x000003         Data  Gb  vregs.o [4]
?b4                     0x000004         Data  Gb  vregs.o [4]
?b5                     0x000005         Data  Gb  vregs.o [4]
?b6                     0x000006         Data  Gb  vregs.o [4]
?b7                     0x000007         Data  Gb  vregs.o [4]
?b8                     0x000008         Data  Gb  vregs.o [4]
?b9                     0x000009         Data  Gb  vregs.o [4]
?dc32_l0                0x0092e3         Code  Gb  dc_util.o [4]
?dc32_l1                0x0092f0         Code  Gb  dc_util.o [4]
?dc32_px                0x0092fd         Code  Gb  dc_util.o [4]
?e0                     0x000001         Data  Gb  vregs.o [4]
?e1                     0x000005         Data  Gb  vregs.o [4]
?e2                     0x000009         Data  Gb  vregs.o [4]
?e3                     0x00000d         Data  Gb  vregs.o [4]
?epilogue_l2            0x00860e         Code  Gb  vreg_util.o [4]
?epilogue_l2_l3         0x00860b         Code  Gb  vreg_util.o [4]
?epilogue_l2_w6         0x008612         Code  Gb  vreg_util.o [4]
?epilogue_w4            0x008619         Code  Gb  vreg_util.o [4]
?inc32_0x_0x            0x0082ab         Code  Gb  long.o [4]
?inc32_l0_l0            0x0082a6         Code  Gb  long.o [4]
?l0                     0x000000         Data  Gb  vregs.o [4]
?l1                     0x000004         Data  Gb  vregs.o [4]
?l2                     0x000008         Data  Gb  vregs.o [4]
?l3                     0x00000c         Data  Gb  vregs.o [4]
?load32_0x_l0           0x008c6f         Code  Gb  long_util.o [4]
?load32_asp_l0          0x008c63         Code  Gb  long_util.o [4]
?load32_dbsp_l0         0x008c5e         Code  Gb  long_util.o [4]
?load32_l0_0x           0x008c36         Code  Gb  long_util.o [4]
?load32_l0_asp          0x008c2b         Code  Gb  long_util.o [4]
?load32_l0_dbsp         0x008c26         Code  Gb  long_util.o [4]
?load32_l0_xsp          0x008c2d         Code  Gb  long_util.o [4]
?load32_l1_0x           0x008c52         Code  Gb  long_util.o [4]
?load32_l1_asp          0x008c47         Code  Gb  long_util.o [4]
?load32_l1_dbsp         0x008c42         Code  Gb  long_util.o [4]
?load32_l1_xsp          0x008c49         Code  Gb  long_util.o [4]
?load32_xsp_l0          0x008c65         Code  Gb  long_util.o [4]
?mov_e0_e2              0x008627         Code  Gb  vreg_util.o [4]
?mov_e0_e3              0x008634         Code  Gb  vreg_util.o [4]
?mov_e1_e0              0x008641         Code  Gb  vreg_util.o [4]
?mov_e1_e2              0x00864e         Code  Gb  vreg_util.o [4]
?mov_e1_e3              0x00865b         Code  Gb  vreg_util.o [4]
?mov_e2_e0              0x008668         Code  Gb  vreg_util.o [4]
?mov_e3_e0              0x008675         Code  Gb  vreg_util.o [4]
?mov_l0_l2              0x008624         Code  Gb  vreg_util.o [4]
?mov_l0_l3              0x008631         Code  Gb  vreg_util.o [4]
?mov_l1_l0              0x00863e         Code  Gb  vreg_util.o [4]
?mov_l1_l2              0x00864b         Code  Gb  vreg_util.o [4]
?mov_l1_l3              0x008658         Code  Gb  vreg_util.o [4]
?mov_l2_l0              0x008665         Code  Gb  vreg_util.o [4]
?mov_l3_l0              0x008672         Code  Gb  vreg_util.o [4]
?mov_w1_w5              0x00862a         Code  Gb  vreg_util.o [4]
?mov_w1_w7              0x008637         Code  Gb  vreg_util.o [4]
?mov_w3_w1              0x008644         Code  Gb  vreg_util.o [4]
?mov_w3_w5              0x008651         Code  Gb  vreg_util.o [4]
?mov_w3_w7              0x00865e         Code  Gb  vreg_util.o [4]
?mov_w5_w1              0x00866b         Code  Gb  vreg_util.o [4]
?mov_w6_w0              0x00861d         Code  Gb  vreg_util.o [4]
?mov_w7_w1              0x008678         Code  Gb  vreg_util.o [4]
?move1616_v_x_y_a       0x0094ef         Code  Gb  move.o [4]
?mul32_l0_l0_0x         0x0082f7         Code  Gb  long.o [4]
?mul32_l0_l0_dl         0x0082f4         Code  Gb  long.o [4]
?mul32_l0_l0_l1         0x008300         Code  Gb  long.o [4]
?or32_l0_l0_0x          0x00840d         Code  Gb  long.o [4]
?or32_l0_l0_l1          0x00840a         Code  Gb  long.o [4]
?pop_l0                 0x0085d7         Code  Gb  vreg_util.o [4]
?pop_l1                 0x0085e2         Code  Gb  vreg_util.o [4]
?pop_l2                 0x0085ed         Code  Gb  vreg_util.o [4]
?pop_l3                 0x0085f8         Code  Gb  vreg_util.o [4]
?pop_w0                 0x008589         Code  Gb  vreg_util.o [4]
?pop_w4                 0x008590         Code  Gb  vreg_util.o [4]
?pop_w6                 0x008597         Code  Gb  vreg_util.o [4]
?push_l0                0x0085a6         Code  Gb  vreg_util.o [4]
?push_l1                0x0085ab         Code  Gb  vreg_util.o [4]
?push_l2                0x0085b0         Code  Gb  vreg_util.o [4]
?push_l3                0x0085b5         Code  Gb  vreg_util.o [4]
?push_w0                0x008567         Code  Gb  vreg_util.o [4]
?push_w4                0x00856c         Code  Gb  vreg_util.o [4]
?push_w6                0x008571         Code  Gb  vreg_util.o [4]
?scmp32_c_l0_l1         0x0083f3         Code  Gb  long.o [4]
?sll16_x_x_a            0x0093e3         Code  Gb  short.o [4]
?sll32_0x_0x_a          0x008428         Code  Gb  long.o [4]
?sll32_l0_l0_a          0x008425         Code  Gb  long.o [4]
?sll8_a_a_5             0x009558         Code  Gb  char.o [4]
?sll8_a_a_6             0x009557         Code  Gb  char.o [4]
?smod16_y_x_y           0x0093d3         Code  Gb  short.o [4]
?srl16_x_x_4            0x0093eb         Code  Gb  short.o [4]
?sub32_l0_l0_0x         0x0082dc         Code  Gb  long.o [4]
?sub32_l0_l0_l1         0x0082d9         Code  Gb  long.o [4]
?udiv32_l0_dl_l1        0x00837e         Code  Gb  long.o [4]
?udiv32_l0_l0_dl        0x008383         Code  Gb  long.o [4]
?udiv32_l0_l0_l1        0x008386         Code  Gb  long.o [4]
?umod32_l1_l0_l1        0x008386         Code  Gb  long.o [4]
?w0                     0x000000         Data  Gb  vregs.o [4]
?w1                     0x000002         Data  Gb  vregs.o [4]
?w2                     0x000004         Data  Gb  vregs.o [4]
?w3                     0x000006         Data  Gb  vregs.o [4]
?w4                     0x000008         Data  Gb  vregs.o [4]
?w5                     0x00000a         Data  Gb  vregs.o [4]
?w6                     0x00000c         Data  Gb  vregs.o [4]
?w7                     0x00000e         Data  Gb  vregs.o [4]
ADC1_IRQHandler()       0x009595    0x1  Code  Gb  stm8s_it.o [1]
AWU_IRQHandler()        0x00958a    0x1  Code  Gb  stm8s_it.o [1]
CLK_ClockSwitchConfig(CLK_SwitchMode_TypeDef, CLK_Source_TypeDef, FunctionalState, CLK_CurrentClockState_TypeDef)
                        0x008436  0x131  Code  Gb  stm8s_clk.o [1]
CLK_DeInit()            0x00919a   0x36  Code  Gb  stm8s_clk.o [1]
CLK_GetClockFreq()      0x008bcf   0x57  Code  Gb  stm8s_clk.o [1]
CLK_IRQHandler()        0x00958b    0x1  Code  Gb  stm8s_it.o [1]
CLK_SYSCLKConfig(CLK_Prescaler_TypeDef)
                        0x008a86   0x8b  Code  Gb  stm8s_clk.o [1]
CSTACK$$Base            0x000200          --   Gb  - Linker created -
CSTACK$$Limit           0x000400          --   Gb  - Linker created -
Command::run()          0x008934   0xb0  Code  Gb  Cmd.o [1]
EEPROM_EEC_IRQHandler()
                        0x009596    0x1  Code  Gb  stm8s_it.o [1]
EXTI_PORTA_IRQHandler()
                        0x009205   0x31  Code  Gb  stm8s_it.o [1]
EXTI_PORTB_IRQHandler()
                        0x00958c    0x1  Code  Gb  stm8s_it.o [1]
EXTI_PORTC_IRQHandler()
                        0x00958d    0x1  Code  Gb  stm8s_it.o [1]
EXTI_PORTD_IRQHandler()
                        0x00958e    0x1  Code  Gb  stm8s_it.o [1]
EXTI_PORTE_IRQHandler()
                        0x00958f    0x1  Code  Gb  stm8s_it.o [1]
EXTI_SetExtIntSensitivity(EXTI_Port_TypeDef, EXTI_Sensitivity_TypeDef)
                        0x008793   0xd1  Code  Gb  stm8s_exti.o [1]
GPIO_DeInit(GPIO_struct __near *)
                        0x0093f0   0x1b  Code  Gb  stm8s_gpio.o [1]
GPIO_Init(GPIO_struct __near *, GPIO_Pin_TypeDef, GPIO_Mode_TypeDef)
                        0x00867f  0x114  Code  Gb  stm8s_gpio.o [1]
GPIO_ReadInputPin(GPIO_struct __near *, GPIO_Pin_TypeDef)
                        0x00950e    0x9  Code  Gb  stm8s_gpio.o [1]
GPIO_WriteHigh(GPIO_struct __near *, GPIO_Pin_TypeDef)
                        0x00953e    0x7  Code  Gb  stm8s_gpio.o [1]
GPIO_WriteLow(GPIO_struct __near *, GPIO_Pin_TypeDef)
                        0x00956a    0x4  Code  Gb  stm8s_gpio.o [1]
HSIDivFactor            0x009566    0x4  Data  Lc  stm8s_clk.o [1]
HardwareSerial::HardwareSerial()
                        0x00954b    0x6  Code  Gb  Serial.o [1]
HardwareSerial::_error  0x00003b    0x1  Data  Gb  Serial.o [1]
HardwareSerial::_rxbuf  0x000010   0x10  Data  Gb  Serial.o [1]
HardwareSerial::_rxbuflen
                        0x00003d    0x1  Data  Gb  Serial.o [1]
HardwareSerial::_rxbufpos
                        0x00003c    0x1  Data  Gb  Serial.o [1]
HardwareSerial::_txbuf  0x000020   0x10  Data  Gb  Serial.o [1]
HardwareSerial::_txbuflen
                        0x00003f    0x1  Data  Gb  Serial.o [1]
HardwareSerial::_txbufpos
                        0x00003e    0x1  Data  Gb  Serial.o [1]
HardwareSerial::available()
                        0x00952f    0x8  Code  Gb  Serial.o [1]
HardwareSerial::read()  0x009163   0x37  Code  Gb  Serial.o [1]
HardwareSerial::write(unsigned char)
                        0x00912a   0x39  Code  Gb  Serial.o [1]
I2C_IRQHandler()        0x009594    0x1  Code  Gb  stm8s_it.o [1]
INTVEC$$Base            0x008000          --   Gb  - Linker created -
INTVEC$$Limit           0x008080          --   Gb  - Linker created -
Print::print(char const __near *)
                        0x009062   0x45  Code  Gb  Print.o [1]
Print::print(char)      0x009505    0x9  Code  Gb  Print.o [1]
Print::println()        0x009294   0x2a  Code  Gb  Print.o [1]
Print::println(char const __near *)
                        0x009424   0x18  Code  Gb  Print.o [1]
Print::write(unsigned char const __near *, unsigned short)
                        0x008f8c   0x49  Code  Gb  Print.o [1]
Region$$Table$$Base     0x009372          --   Gb  - Linker created -
Region$$Table$$Limit    0x00937a          --   Gb  - Linker created -
SETUP()                 0x0089e4   0xa2  Code  Gb  stm8s_config.o [1]
SHT$$INIT_ARRAY$$Base   0x009586          --   Gb  - Linker created -
SHT$$INIT_ARRAY$$Limit  0x009588          --   Gb  - Linker created -
SHT$$PREINIT_ARRAY$$Base
                        0x009586          --   Gb  - Linker created -
SHT$$PREINIT_ARRAY$$Limit
                        0x009586          --   Gb  - Linker created -
SPI_IRQHandler()        0x009590    0x1  Code  Gb  stm8s_it.o [1]
Serial                  0x000038    0x2  Data  Gb  Serial.o [1]
TIM1_CAP_COM_IRQHandler()
                        0x009591    0x1  Code  Gb  stm8s_it.o [1]
TIM1_ClearFlag(TIM1_FLAG_TypeDef)
                        0x0091d0   0x35  Code  Gb  stm8s_tim1.o [1]
TIM1_ClearITPendingBit(TIM1_IT_TypeDef)
                        0x009350   0x22  Code  Gb  stm8s_tim1.o [1]
TIM1_Cmd(FunctionalState)
                        0x009236   0x2f  Code  Gb  stm8s_tim1.o [1]
TIM1_IT()               0x00943c   0x18  Code  Gb  stm8s_config.o [1]
TIM1_ITConfig(TIM1_IT_TypeDef, FunctionalState)
                        0x008ea5   0x4e  Code  Gb  stm8s_tim1.o [1]
TIM1_TimeBaseInit(unsigned short, TIM1_CounterMode_TypeDef, unsigned short, unsigned char)
                        0x008b11   0x60  Code  Gb  stm8s_tim1.o [1]
TIM1_UPD_OVF_TRG_BRK_IRQHandler()
                        0x00946b   0x16  Code  Gb  stm8s_it.o [1]
TIM2_CAP_COM_IRQHandler()
                        0x009593    0x1  Code  Gb  stm8s_it.o [1]
TIM2_UPD_OVF_BRK_IRQHandler()
                        0x009592    0x1  Code  Gb  stm8s_it.o [1]
TIM4_ClearFlag(TIM4_FLAG_TypeDef)
                        0x009308   0x24  Code  Gb  stm8s_tim4.o [1]
TIM4_ClearITPendingBit(TIM4_IT_TypeDef)
                        0x00932c   0x24  Code  Gb  stm8s_tim4.o [1]
TIM4_Cmd(FunctionalState)
                        0x009265   0x2f  Code  Gb  stm8s_tim4.o [1]
TIM4_GetCounter()       0x00956e    0x4  Code  Gb  stm8s_tim4.o [1]
TIM4_IT()               0x009497   0x14  Code  Gb  stm8s_config.o [1]
TIM4_ITConfig(TIM4_IT_TypeDef, FunctionalState)
                        0x008cce   0x50  Code  Gb  stm8s_tim4.o [1]
TIM4_TimeBaseInit(TIM4_Prescaler_TypeDef, unsigned char)
                        0x008c7d   0x51  Code  Gb  stm8s_tim4.o [1]
TIM4_UPD_OVF_IRQHandler()
                        0x009481   0x16  Code  Gb  stm8s_it.o [1]
TLI_IRQHandler()        0x009589    0x1  Code  Gb  stm8s_it.o [1]
TRAP_IRQHandler()       0x009588    0x1  Code  Gb  stm8s_it.o [1]
UART1_Cmd(FunctionalState)
                        0x0094e2    0xd  Code  Gb  stm8s_uart1.o [1]
UART1_DeInit()          0x0092be   0x25  Code  Gb  stm8s_uart1.o [1]
UART1_ITConfig(UART1_IT_TypeDef, FunctionalState)
                        0x008864   0xd0  Code  Gb  stm8s_uart1.o [1]
UART1_Init(unsigned long, UART1_WordLength_TypeDef, UART1_StopBits_TypeDef, UART1_Parity_TypeDef, UART1_SyncMode_TypeDef, UART1_Mode_TypeDef)
                        0x008080  0x226  Code  Gb  stm8s_uart1.o [1]
UART1_RX_IRQHandler()   0x0090eb   0x3f  Code  Gb  Serial.o [1]
UART1_TX_IRQHandler()   0x00901c   0x46  Code  Gb  Serial.o [1]
Virtual function table for HardwareSerial
                        0x009527    0x8  Data  Gb  Serial.o [1]
__DebugBreak            0x009597    0x1  Code  Gb  __dbg_break.o [3]
__call_ctors            0x00937a   0x1e  Code  Gb  cppinit.o [4]
__exit                  0x0094ab   0x14  Code  Gb  __dbg_xxexit.o [3]
__iar_Strstr            0x0090a7   0x44  Code  Gb  strstr.o [4]
__iar_cstart_call_ctors
                        0x0093c3         Code  Gb  cstartup.o [4]
__iar_data_init2        0x009454   0x17  Code  Gb  init.o [4]
__iar_program_start     0x0093b6         Code  Gb  cstartup.o [4]
__iar_unhandled_exception
                        0x009581         Code  Gb  unhandled_exception.o [4]
__iar_zero_init2        0x009398         Code  Gb  init_small.o [4]
__intvec                0x008000         Data  Gb  interrupt.o [4]
__low_level_init        0x00957b    0x3  Code  Gb  low_level_init.o [4]
__ms                    0x000034    0x4  Data  Gb  stm8s_config.o [1]
__sti__routine          0x009551    0x6  Code  Lc  Serial.o [1]
__us                    0x000030    0x4  Data  Gb  stm8s_config.o [1]
_exit                   0x00955d         Code  Gb  cexit.o [4]
_interrupt_1            0x009588         Code  Gb  stm8s_it.o [1]
_interrupt_12           0x009590         Code  Gb  stm8s_it.o [1]
_interrupt_13           0x00946b         Code  Gb  stm8s_it.o [1]
_interrupt_14           0x009591         Code  Gb  stm8s_it.o [1]
_interrupt_15           0x009592         Code  Gb  stm8s_it.o [1]
_interrupt_16           0x009593         Code  Gb  stm8s_it.o [1]
_interrupt_19           0x00901c         Code  Gb  Serial.o [1]
_interrupt_2            0x009589         Code  Gb  stm8s_it.o [1]
_interrupt_20           0x0090eb         Code  Gb  Serial.o [1]
_interrupt_21           0x009594         Code  Gb  stm8s_it.o [1]
_interrupt_24           0x009595         Code  Gb  stm8s_it.o [1]
_interrupt_25           0x009481         Code  Gb  stm8s_it.o [1]
_interrupt_26           0x009596         Code  Gb  stm8s_it.o [1]
_interrupt_3            0x00958a         Code  Gb  stm8s_it.o [1]
_interrupt_4            0x00958b         Code  Gb  stm8s_it.o [1]
_interrupt_5            0x009205         Code  Gb  stm8s_it.o [1]
_interrupt_6            0x00958c         Code  Gb  stm8s_it.o [1]
_interrupt_7            0x00958d         Code  Gb  stm8s_it.o [1]
_interrupt_8            0x00958e         Code  Gb  stm8s_it.o [1]
_interrupt_9            0x00958f         Code  Gb  stm8s_it.o [1]
assert_failed(unsigned char __near *, unsigned long)
                        0x009584    0x2  Code  Gb  main.o [1]
clk_config_16MHz_hsi()  0x00940b   0x19  Code  Gb  stm8s_config.o [1]
cmd                     0x00003a    0x1  Data  Gb  Cmd.o [1]
delay_ms(unsigned long)
                        0x008f40   0x4c  Code  Gb  stm8s_config.o [1]
delay_us(unsigned long)
                        0x008b71   0x5e  Code  Gb  stm8s_config.o [1]
exit                    0x00957e    0x3  Code  Gb  exit.o [4]
main                    0x008fd5   0x47  Code  Gb  main.o [1]
micros()                0x0094bf   0x13  Code  Gb  stm8s_config.o [1]
strstr(char __near *, char const __near *)
                        0x009575    0x3  Code  Gb  Cmd.o [1]


[1] = C:\Users\Nguyen Huy\Desktop\New folder (2)\stm8_PP\Projects File\Debug\Obj
[2] = command line
[3] = dbgstm8smd.a
[4] = dlstm8smn.a

  4 849 bytes of readonly  code memory
    679 bytes of readonly  data memory
    576 bytes of readwrite data memory

Errors: none
Warnings: none
